// Jest Snapshot v1, https://goo.gl/fbAQLP

exports[`App component renders App 1`] = `
<BrowserRouter>
  <Search
    handleChange={[Function]}
    searchTerm=""
  />
  <Switch>
    <Route
      exact={true}
      path="/"
      render={[Function]}
    />
    <Route
      component={[Function]}
      exact={true}
      path="/:id"
    />
  </Switch>
</BrowserRouter>
`;
